// Vitest Snapshot v1, https://vitest.dev/guide/snapshot.html

exports[`chunking characterisation — boundary offsets > matches the recorded cut points for the default Gemini paid rows 1`] = `
{
  "geminiPaid:fast:p1": [
    14986,
    29979,
    44878,
    59872,
    74858,
    89768,
    104763,
    119750,
    134738,
    142884,
  ],
  "geminiPaid:fast:p2": [
    14986,
    29979,
    44878,
    59872,
    74858,
    89768,
    104763,
    119750,
    134738,
    142884,
  ],
  "geminiPaid:fast:p3": [
    29981,
    59956,
    89938,
    119914,
    142894,
  ],
  "geminiPaid:fast:p4": [
    29981,
    59956,
    89938,
    119914,
    142894,
  ],
  "geminiPaid:fast:p6": [
    49936,
    99879,
    142898,
  ],
  "geminiPaid:flagship:p1": [
    29981,
    59956,
    89938,
    119914,
    142894,
  ],
  "geminiPaid:flagship:p2": [
    29981,
    59956,
    89938,
    119914,
    142894,
  ],
  "geminiPaid:flagship:p3": [
    59958,
    119918,
    142898,
  ],
  "geminiPaid:flagship:p4": [
    59958,
    119918,
    142898,
  ],
  "geminiPaid:flagship:p6": [
    99949,
    142900,
  ],
  "geminiPaid:frontier:p1": [
    29981,
    59956,
    89938,
    119914,
    142894,
  ],
  "geminiPaid:frontier:p2": [
    29981,
    59956,
    89938,
    119914,
    142894,
  ],
  "geminiPaid:frontier:p3": [
    59958,
    119918,
    142898,
  ],
  "geminiPaid:frontier:p4": [
    59958,
    119918,
    142898,
  ],
  "geminiPaid:frontier:p6": [
    99949,
    142900,
  ],
}
`;

exports[`chunking characterisation — boundary offsets > matches the recorded cut points for the local profile 1`] = `
{
  "local:p1": [
    4960,
    9929,
    14900,
    19877,
    24843,
    29812,
    34698,
    39673,
    44640,
    49534,
    54502,
    59474,
    64435,
    69400,
    74293,
    79267,
    84162,
    89128,
    94097,
    98983,
    103958,
    108925,
    113819,
    118787,
    123759,
    128720,
    133685,
    138578,
    142846,
  ],
  "local:p2": [
    4960,
    9929,
    14900,
    19877,
    24843,
    29812,
    34698,
    39673,
    44640,
    49534,
    54502,
    59474,
    64435,
    69400,
    74293,
    79267,
    84162,
    89128,
    94097,
    98983,
    103958,
    108925,
    113819,
    118787,
    123759,
    128720,
    133685,
    138578,
    142846,
  ],
  "local:p3": [
    7999,
    15995,
    23986,
    31986,
    39908,
    47824,
    55752,
    63752,
    71744,
    79743,
    87736,
    95736,
    103736,
    111657,
    119654,
    127572,
    135570,
    142868,
  ],
  "local:p4": [
    7999,
    15995,
    23986,
    31986,
    39908,
    47824,
    55752,
    63752,
    71744,
    79743,
    87736,
    95736,
    103736,
    111657,
    119654,
    127572,
    135570,
    142868,
  ],
  "local:p5": [
    5973,
    11954,
    17850,
    23837,
    29814,
    35707,
    41695,
    47673,
    53574,
    59546,
    65535,
    71427,
    77402,
    83380,
    89290,
    95270,
    101245,
    107149,
    113122,
    119103,
    124999,
    130986,
    136963,
    142856,
  ],
  "local:p6": [
    9931,
    19881,
    29818,
    39760,
    49699,
    59633,
    69577,
    79518,
    89457,
    99314,
    109173,
    119119,
    129063,
    139004,
    142874,
  ],
}
`;

exports[`chunking characterisation — chunk counts per (profile, tier, phase) > matches the recorded grid 1`] = `
{
  "claude:fast:p1": 15,
  "claude:fast:p2": 15,
  "claude:fast:p3": 8,
  "claude:fast:p4": 8,
  "claude:fast:p6": 5,
  "claude:flagship:p1": 8,
  "claude:flagship:p2": 8,
  "claude:flagship:p3": 4,
  "claude:flagship:p4": 4,
  "claude:flagship:p6": 3,
  "claude:frontier:p1": 8,
  "claude:frontier:p2": 8,
  "claude:frontier:p3": 4,
  "claude:frontier:p4": 4,
  "claude:frontier:p6": 3,
  "geminiFree:fast:p1": 18,
  "geminiFree:fast:p2": 18,
  "geminiFree:fast:p3": 8,
  "geminiFree:fast:p4": 8,
  "geminiFree:fast:p6": 5,
  "geminiFree:flagship:p1": 10,
  "geminiFree:flagship:p2": 10,
  "geminiFree:flagship:p3": 5,
  "geminiFree:flagship:p4": 5,
  "geminiFree:flagship:p6": 3,
  "geminiFree:frontier:p1": 10,
  "geminiFree:frontier:p2": 10,
  "geminiFree:frontier:p3": 5,
  "geminiFree:frontier:p4": 5,
  "geminiFree:frontier:p6": 3,
  "geminiPaid:fast:p1": 10,
  "geminiPaid:fast:p2": 10,
  "geminiPaid:fast:p3": 5,
  "geminiPaid:fast:p4": 5,
  "geminiPaid:fast:p6": 3,
  "geminiPaid:flagship:p1": 5,
  "geminiPaid:flagship:p2": 5,
  "geminiPaid:flagship:p3": 3,
  "geminiPaid:flagship:p4": 3,
  "geminiPaid:flagship:p6": 2,
  "geminiPaid:frontier:p1": 5,
  "geminiPaid:frontier:p2": 5,
  "geminiPaid:frontier:p3": 3,
  "geminiPaid:frontier:p4": 3,
  "geminiPaid:frontier:p6": 2,
  "openai:fast:p1": 18,
  "openai:fast:p2": 18,
  "openai:fast:p3": 10,
  "openai:fast:p4": 10,
  "openai:fast:p6": 6,
  "openai:flagship:p1": 10,
  "openai:flagship:p2": 10,
  "openai:flagship:p3": 5,
  "openai:flagship:p4": 5,
  "openai:flagship:p6": 3,
  "openai:frontier:p1": 10,
  "openai:frontier:p2": 10,
  "openai:frontier:p3": 5,
  "openai:frontier:p4": 5,
  "openai:frontier:p6": 3,
}
`;
